// Jest Snapshot v1, https://goo.gl/fbAQLP

exports[`MemberView component renders correctly 1`] = `
<View
  style={
    Array [
      Object {},
      Object {
        "height": 20,
        "width": 20,
      },
    ]
  }
>
  <View
    accessible={true}
    focusable={true}
    onClick={[Function]}
    onResponderGrant={[Function]}
    onResponderMove={[Function]}
    onResponderRelease={[Function]}
    onResponderTerminate={[Function]}
    onResponderTerminationRequest={[Function]}
    onStartShouldSetResponder={[Function]}
    style={
      Object {
        "flex": 1,
      }
    }
  >
    <View
      accessibilityIgnoresInvertColors={true}
      style={
        Object {
          "flex": 1,
        }
      }
    >
      <Image
        source={
          Object {
            "uri": "http://example.org/example.png",
          }
        }
        style={
          Array [
            Object {
              "bottom": 0,
              "left": 0,
              "position": "absolute",
              "right": 0,
              "top": 0,
            },
            Object {
              "height": undefined,
              "width": undefined,
            },
            undefined,
          ]
        }
      />
      <BVLinearGradient
        colors={
          Array [
            5570560,
            4278190080,
          ]
        }
        endPoint={
          Object {
            "x": 0.5,
            "y": 1,
          }
        }
        locations={null}
        startPoint={
          Object {
            "x": 0.5,
            "y": 0,
          }
        }
        style={
          Object {
            "bottom": 0,
            "left": 0,
            "opacity": 0.6,
            "position": "absolute",
            "right": 0,
            "top": "50%",
          }
        }
      />
      <Text
        style={
          Object {
            "backgroundColor": "transparent",
            "bottom": 4,
            "color": "#FFFFFF",
            "fontSize": 11,
            "left": 6,
            "position": "absolute",
            "right": 6,
          }
        }
      >
        Lorem ipsum
      </Text>
    </View>
  </View>
</View>
`;
