// Jest Snapshot v1, https://goo.gl/fbAQLP

exports[`DismissKeyboardView component renders correctly 1`] = `
<View
  accessible={false}
  focusable={true}
  onClick={[Function]}
  onResponderGrant={[Function]}
  onResponderMove={[Function]}
  onResponderRelease={[Function]}
  onResponderTerminate={[Function]}
  onResponderTerminationRequest={[Function]}
  onStartShouldSetResponder={[Function]}
  style={Object {}}
>
  <Text>
    Text
  </Text>
</View>
`;
