// Jest Snapshot v1, https://goo.gl/fbAQLP

exports[`ErrorScreen component renders correctly 1`] = `
<View
  style={
    Object {
      "alignItems": "center",
      "backgroundColor": "#FAFAFA",
      "flex": 1,
      "justifyContent": "center",
    }
  }
>
  <Image
    source="test-file-stub"
    style={
      Object {
        "height": 200,
        "marginBottom": 32,
        "resizeMode": "contain",
        "width": 200,
      }
    }
  />
  <Text
    style={
      Object {
        "color": "#616161",
        "fontSize": 16,
        "textAlign": "center",
      }
    }
  >
    Lorem ipsum
  </Text>
  <Text
    style={
      Object {
        "color": "#616161",
        "fontSize": 16,
        "textAlign": "center",
      }
    }
  >
    Try again later.
  </Text>
</View>
`;
