// Jest Snapshot v1, https://goo.gl/fbAQLP

exports[`translations should expose the translations 1`] = `
Object {
  "nl": Object {
    "app": Object {
      "Dismiss": "Sluiten",
      "Open": "Openen",
    },
    "sagas/profile": Object {
      "Change profile picture": "Profielafbeelding veranderen",
      "Could not update profile picture": "De profielafbeelding kon niet worden bijgewerkt",
      "Uploading your new profile picture...": "Nieuwe profielafbeelding uploaden...",
    },
    "sagas/registration": Object {
      "Registration successful!": "Registratie succesvol!",
      "Successfully cancelled registration": "Afmelding succesvol",
      "Successfully updated registration": "Registratie succesvol bijgewerkt",
    },
    "sagas/session": Object {
      "Login failed": "Inloggen mislukt",
      "Login successful": "Succesvol ingelogd",
      "Logout successful": "Succesvol uitgelogd",
    },
    "ui/components/errorScreen/ErrorScreen": Object {
      "Try again later.": "Probeer het later opnieuw.",
    },
    "ui/components/sidebar/Sidebar": Object {
      "Are you sure you want to log out?": "Weet je zeker dat je wilt uitloggen?",
      "Calendar": "Agenda",
      "Log out?": "Uitloggen?",
      "Logout": "Uitloggen",
      "Member List": "Ledenlijst",
      "No": "Nee",
      "Photos": "Foto's",
      "Settings": "Instellingen",
      "Welcome": "Welkom",
      "Yes": "Ja",
    },
    "ui/components/standardHeader/StandardHeader": Object {
      "Album": "Album",
      "Calendar": "Agenda",
      "Event": "Evenement",
      "Photos": "Foto's",
      "Pizza": "Pizza",
      "Profile": "Profiel",
      "Registration": "Registratie",
      "Registrations": "Inschrijvingen",
      "Settings": "Instellingen",
      "Welcome": "Welkom",
    },
    "ui/screens/events/CalendarItem": Object {
      "From": "Tot",
      "Until": "Van",
    },
    "ui/screens/events/CalendarScreen": Object {
      "No events found!": "Geen evenementen gevonden!",
      "Sorry, we couldn't load any data.": "Sorry, we konden geen gegevens laden.",
      "day": "dag",
    },
    "ui/screens/events/EventAdminScreen": Object {
      "CARD": "PIN",
      "CASH": "CONTANT",
      "Could not load the event...": "Kon het evenement niet laden...",
      "Disabled filter": "Filter uitgeschakeld",
      "Filtering on payment": "Filteren op betaling",
      "Filtering on presence": "Filteren op aanwezigheid",
      "Find a member": "Zoek een lid",
      "NOT PAID": "NIET BETAALD",
      "No registrations found with this filter.": "Geen inschrijvingen gevonden met dit filter.",
      "No registrations found...": "Geen inschrijvingen gevonden...",
      "Present": "Aanwezig",
      "Registrations": "Inschrijvingen",
    },
    "ui/screens/events/EventScreen": Object {
      ", that you understand them and that you agree to be bound by them.": "hebt gelezen, dat je ze begrijpt en dat je accepteert eraan gebonden te zijn.",
      "Are you sure you want to cancel your registration?": "Weet je je zeker dat je je wilt afmelden?",
      "By registering, you confirm that you have read the": "Door te registreren, bevestig je dat je de",
      "Cancel registration": "Afmelden",
      "Cancel registration?": "Afmelden?",
      "Cancellation deadline": "Afmelddeadline",
      "Cancellation isn't possible anymore without having to pay the full costs of €{{fine}}. Also note that you will be unable to re-register.": "Afmelden is niet meer mogelijk zonder de volledige kosten van €{{fine}} te betalen. Let op: je kunt je hierna niet meer aanmelden.",
      "Could not load the event...": "Kan het evenement niet laden...",
      "From": "Van",
      "Location": "Locatie",
      "No": "Nee",
      "No registration required.": "Aanmelden niet vereist.",
      "Number of registrations": "Aantal aanmeldingen",
      "Order": "Bestel",
      "Price": "Prijs",
      "Put me on the waiting list": "Zet me op de wachtlijst",
      "Queue position {{pos}}": "Wachtlijst positie {{pos}}",
      "Register": "Aanmelden",
      "Registration deadline": "Registratiedeadline",
      "Registration is not allowed anymore, as you cancelled your registration after the deadline.": "Aanmelden is niet meer toegestaan omdat je bent afgemeld na de afmelddeadline.",
      "Registration is not possible anymore.": "Aanmelden is niet meer mogelijk.",
      "Registration status": "Aanmeldstatus",
      "Registration will open {{start}}": "Aanmelden opent {{start}}",
      "Registrations": "Aanmeldingen",
      "The deadline has passed, are you sure you want to cancel your registration and pay the full costs of €{{ fine }}? You will not be able to undo this!": "De deadline is verstreken, weet je zeker dat je je wilt afmelden? Dit betekent dat je de volledige kosten van €{{ fine }} zult moeten betalen. Je kunt dit niet ongedaan maken!",
      "Until": "Tot",
      "Update registration": "Aanmelding bijwerken",
      "Yes": "Ja",
      "You are registered": "Je bent aangemeld",
      "Your registration is cancelled": "Je bent afgemeld",
      "Your registration is cancelled after the cancellation deadline": "Je bent afgemeld na de afmelddeadline",
      "max": "max",
      "registrations": "aanmeldingen",
      "terms and conditions": "voorwaarden",
    },
    "ui/screens/events/RegistrationScreen": Object {
      "Save": "Aanpassen",
      "Sorry! We couldn't load any data.": "Sorry! We konden geen gegevens laden.",
      "This field is required and must be an integer.": "Dit veld is verplicht en moet een getal zijn.",
      "This field is required.": "Dit veld is verplicht.",
      "This field must be an integer.": "Dit veld moet een cijfer zijn.",
    },
    "ui/screens/login/LoginScreen": Object {
      "Become a member": "Lid worden",
      "Forgot password?": "Wachtwoord vergeten?",
      "LOGIN": "INLOGGEN",
      "Password": "Wachtwoord",
      "Username": "Gebruikersnaam",
    },
    "ui/screens/memberList/MemberListScreen": Object {
      "Couldn't find any members...": "Er zijn geen leden gevonden...",
      "Find a member": "Zoek een lid",
      "Member List": "Ledenlijst",
      "Sorry! We couldn't load any data.": "Sorry, we konden geen gegevens laden.",
    },
    "ui/screens/photos/AlbumDetailScreen": Object {
      "Sorry! We couldn't load any data.": "Sorry, we konden geen gegevens laden.",
    },
    "ui/screens/photos/AlbumsOverviewScreen": Object {
      "Couldn't find any albums...": "Er zijn geen albums gevonden...",
      "Find an album": "Vind een album",
      "Photos": "Foto's",
      "Sorry! We couldn't load any data.": "Sorry, we konden geen gegevens laden.",
    },
    "ui/screens/pizza/PizzaScreen": Object {
      "Changing your order": "Bestelling bewerken",
      "Current order": "Huidige bestelling",
      "Order pizza for {{title}}": "Bestelling voor {{title}}",
      "Sorry! We couldn't load any data.": "Sorry! We konden geen gegevens laden.",
      "The order has been paid for.": "Je bestelling is betaald.",
      "The order has not yet been paid for.": "Je bestelling is nog niet betaald.",
      "There is currently no event for which you can order food.": "Er is geen evenement waarvoor je eten kunt bestellen.",
      "You did not place an order.": "Je hebt nog geen bestelling geplaatst.",
    },
    "ui/screens/profile/AchievementSection": Object {
      "Achievements for Thalia": "Verdiensten voor Thalia",
      "Chair": "Voorzitter",
      "Societies": "Gezelschappen",
      "today": "heden",
    },
    "ui/screens/profile/DescriptionSection": Object {
      "About": "Over",
      "This member has not written a description yet.": "Dit lid heeft nog geen beschrijving geschreven.",
    },
    "ui/screens/profile/PersonalInfoSection": Object {
      "Birthday": "Verjaardag",
      "Cohort": "Cohort",
      "Computing science": "Informatica",
      "Information sciences": "Informatiekunde",
      "Personal information": "Persoonlijke gegevens",
      "Study programme": "Studie",
      "Website": "Website",
    },
    "ui/screens/profile/ProfileScreen": Object {
      "Sorry! We couldn't load any data.": "Sorry! We konden geen gegevens laden.",
    },
    "ui/screens/settings/NotificationsSection": Object {
      "(required)": "(verplicht)",
      "Notifications": "Notificaties",
      "Notifications settings could not be loaded.": "De instellingen voor notificaties konden niet worden geladen.",
    },
    "ui/screens/welcome/EventDetailCard": Object {
      "MORE INFO": "MEER INFO",
      "PIZZA": "PIZZA",
    },
    "ui/screens/welcome/WelcomeScreen": Object {
      "No events found!": "Geen evenementen gevonden!",
      "SHOW THE ENTIRE AGENDA": "TOON DE GEHELE AGENDA",
      "Sorry! We couldn't load any data.": "Sorry! We konden geen gegevens laden.",
      "Today": "Vandaag",
      "Tomorrow": "Morgen",
      "Yesterday": "Gisteren",
    },
  },
}
`;
