// Jest Snapshot v1, https://goo.gl/fbAQLP

exports[`Sidebar component renders correctly 1`] = `
<View
  style={
    Object {
      "alignItems": "stretch",
      "backgroundColor": "#FFFFFF",
      "flex": 1,
    }
  }
>
  <View
    accessible={true}
    focusable={true}
    onClick={[Function]}
    onResponderGrant={[Function]}
    onResponderMove={[Function]}
    onResponderRelease={[Function]}
    onResponderTerminate={[Function]}
    onResponderTerminationRequest={[Function]}
    onStartShouldSetResponder={[Function]}
    style={
      Object {
        "height": 168,
      }
    }
  >
    <View
      accessibilityIgnoresInvertColors={true}
      style={
        Object {
          "flexDirection": "column",
          "height": 168,
          "justifyContent": "space-between",
          "padding": 16,
          "paddingTop": 36,
          "width": null,
        }
      }
    >
      <Image
        resizeMode="cover"
        source={
          Object {
            "testUri": "../../../app/assets/img/huygens.jpg",
          }
        }
        style={
          Array [
            Object {
              "bottom": 0,
              "left": 0,
              "position": "absolute",
              "right": 0,
              "top": 0,
            },
            Object {
              "height": 168,
              "width": null,
            },
            undefined,
          ]
        }
      />
      <BVLinearGradient
        colors={
          Array [
            5570560,
            4278190080,
          ]
        }
        endPoint={
          Object {
            "x": 0.5,
            "y": 1,
          }
        }
        locations={null}
        startPoint={
          Object {
            "x": 0.5,
            "y": 0,
          }
        }
        style={
          Object {
            "bottom": 0,
            "left": 0,
            "opacity": 0.6,
            "position": "absolute",
            "right": 0,
            "top": 0,
          }
        }
      />
      <Image
        resizeMode="cover"
        source={
          Object {
            "uri": "photo",
          }
        }
        style={
          Object {
            "borderRadius": 32,
            "height": 64,
            "width": 64,
          }
        }
      />
      <Text
        style={
          Object {
            "color": "#FFFFFF",
            "fontFamily": "System",
            "fontSize": 14,
            "fontWeight": "600",
          }
        }
      >
        Lorem ipsum
      </Text>
    </View>
  </View>
  <View
    style={
      Object {
        "flex": 3,
      }
    }
  >
    <View
      accessible={true}
      focusable={true}
      onClick={[Function]}
      onResponderGrant={[Function]}
      onResponderMove={[Function]}
      onResponderRelease={[Function]}
      onResponderTerminate={[Function]}
      onResponderTerminationRequest={[Function]}
      onStartShouldSetResponder={[Function]}
      style={
        Array [
          Object {
            "overflow": "hidden",
          },
          Object {
            "backgroundColor": "#FFFFFF",
            "borderRadius": 0,
          },
        ]
      }
    >
      <View
        style={
          Array [
            Object {
              "alignItems": "center",
              "flexDirection": "row",
              "justifyContent": "flex-start",
              "padding": 8,
            },
            Object {
              "backgroundColor": "#FFFFFF",
              "borderRadius": 0,
            },
            Array [
              Object {
                "padding": 16,
              },
              Object {},
            ],
          ]
        }
      >
        <Text
          allowFontScaling={false}
          style={
            Array [
              Object {
                "color": "#E62272",
                "fontSize": 24,
              },
              Array [
                Object {
                  "marginRight": 10,
                },
                Object {
                  "marginRight": 30,
                  "textAlign": "center",
                  "width": 28,
                },
              ],
              Object {
                "fontFamily": "Material Icons",
                "fontStyle": "normal",
                "fontWeight": "normal",
              },
              Object {},
            ]
          }
        >
          
        </Text>
        <Text
          style={
            Array [
              Object {
                "color": "#313131",
                "fontFamily": "System",
                "fontSize": 14,
                "fontWeight": "600",
              },
              Object {
                "color": "#E62272",
              },
            ]
          }
        >
          Welcome
        </Text>
      </View>
    </View>
    <View
      accessible={true}
      focusable={true}
      onClick={[Function]}
      onResponderGrant={[Function]}
      onResponderMove={[Function]}
      onResponderRelease={[Function]}
      onResponderTerminate={[Function]}
      onResponderTerminationRequest={[Function]}
      onStartShouldSetResponder={[Function]}
      style={
        Array [
          Object {
            "overflow": "hidden",
          },
          Object {
            "backgroundColor": "#FFFFFF",
            "borderRadius": 0,
          },
        ]
      }
    >
      <View
        style={
          Array [
            Object {
              "alignItems": "center",
              "flexDirection": "row",
              "justifyContent": "flex-start",
              "padding": 8,
            },
            Object {
              "backgroundColor": "#FFFFFF",
              "borderRadius": 0,
            },
            Array [
              Object {
                "padding": 16,
              },
              Object {},
            ],
          ]
        }
      >
        <Text
          allowFontScaling={false}
          style={
            Array [
              Object {
                "color": "#313131",
                "fontSize": 24,
              },
              Array [
                Object {
                  "marginRight": 10,
                },
                Object {
                  "marginRight": 30,
                  "textAlign": "center",
                  "width": 28,
                },
              ],
              Object {
                "fontFamily": "Material Icons",
                "fontStyle": "normal",
                "fontWeight": "normal",
              },
              Object {},
            ]
          }
        >
          
        </Text>
        <Text
          style={
            Array [
              Object {
                "color": "#313131",
                "fontFamily": "System",
                "fontSize": 14,
                "fontWeight": "600",
              },
              Object {
                "color": "#313131",
              },
            ]
          }
        >
          Calendar
        </Text>
      </View>
    </View>
    <View
      accessible={true}
      focusable={true}
      onClick={[Function]}
      onResponderGrant={[Function]}
      onResponderMove={[Function]}
      onResponderRelease={[Function]}
      onResponderTerminate={[Function]}
      onResponderTerminationRequest={[Function]}
      onStartShouldSetResponder={[Function]}
      style={
        Array [
          Object {
            "overflow": "hidden",
          },
          Object {
            "backgroundColor": "#FFFFFF",
            "borderRadius": 0,
          },
        ]
      }
    >
      <View
        style={
          Array [
            Object {
              "alignItems": "center",
              "flexDirection": "row",
              "justifyContent": "flex-start",
              "padding": 8,
            },
            Object {
              "backgroundColor": "#FFFFFF",
              "borderRadius": 0,
            },
            Array [
              Object {
                "padding": 16,
              },
              Object {},
            ],
          ]
        }
      >
        <Text
          allowFontScaling={false}
          style={
            Array [
              Object {
                "color": "#313131",
                "fontSize": 24,
              },
              Array [
                Object {
                  "marginRight": 10,
                },
                Object {
                  "marginRight": 30,
                  "textAlign": "center",
                  "width": 28,
                },
              ],
              Object {
                "fontFamily": "Material Icons",
                "fontStyle": "normal",
                "fontWeight": "normal",
              },
              Object {},
            ]
          }
        >
          
        </Text>
        <Text
          style={
            Array [
              Object {
                "color": "#313131",
                "fontFamily": "System",
                "fontSize": 14,
                "fontWeight": "600",
              },
              Object {
                "color": "#313131",
              },
            ]
          }
        >
          Member List
        </Text>
      </View>
    </View>
    <View
      accessible={true}
      focusable={true}
      onClick={[Function]}
      onResponderGrant={[Function]}
      onResponderMove={[Function]}
      onResponderRelease={[Function]}
      onResponderTerminate={[Function]}
      onResponderTerminationRequest={[Function]}
      onStartShouldSetResponder={[Function]}
      style={
        Array [
          Object {
            "overflow": "hidden",
          },
          Object {
            "backgroundColor": "#FFFFFF",
            "borderRadius": 0,
          },
        ]
      }
    >
      <View
        style={
          Array [
            Object {
              "alignItems": "center",
              "flexDirection": "row",
              "justifyContent": "flex-start",
              "padding": 8,
            },
            Object {
              "backgroundColor": "#FFFFFF",
              "borderRadius": 0,
            },
            Array [
              Object {
                "padding": 16,
              },
              Object {},
            ],
          ]
        }
      >
        <Text
          allowFontScaling={false}
          style={
            Array [
              Object {
                "color": "#313131",
                "fontSize": 24,
              },
              Array [
                Object {
                  "marginRight": 10,
                },
                Object {
                  "marginRight": 30,
                  "textAlign": "center",
                  "width": 28,
                },
              ],
              Object {
                "fontFamily": "Material Icons",
                "fontStyle": "normal",
                "fontWeight": "normal",
              },
              Object {},
            ]
          }
        >
          
        </Text>
        <Text
          style={
            Array [
              Object {
                "color": "#313131",
                "fontFamily": "System",
                "fontSize": 14,
                "fontWeight": "600",
              },
              Object {
                "color": "#313131",
              },
            ]
          }
        >
          Photos
        </Text>
      </View>
    </View>
    <View
      accessible={true}
      focusable={true}
      onClick={[Function]}
      onResponderGrant={[Function]}
      onResponderMove={[Function]}
      onResponderRelease={[Function]}
      onResponderTerminate={[Function]}
      onResponderTerminationRequest={[Function]}
      onStartShouldSetResponder={[Function]}
      style={
        Array [
          Object {
            "overflow": "hidden",
          },
          Object {
            "backgroundColor": "#FFFFFF",
            "borderRadius": 0,
          },
        ]
      }
    >
      <View
        style={
          Array [
            Object {
              "alignItems": "center",
              "flexDirection": "row",
              "justifyContent": "flex-start",
              "padding": 8,
            },
            Object {
              "backgroundColor": "#FFFFFF",
              "borderRadius": 0,
            },
            Array [
              Object {
                "padding": 16,
              },
              Object {},
            ],
          ]
        }
      >
        <Text
          allowFontScaling={false}
          style={
            Array [
              Object {
                "color": "#313131",
                "fontSize": 24,
              },
              Array [
                Object {
                  "marginRight": 10,
                },
                Object {
                  "marginRight": 30,
                  "textAlign": "center",
                  "width": 28,
                },
              ],
              Object {
                "fontFamily": "Material Icons",
                "fontStyle": "normal",
                "fontWeight": "normal",
              },
              Object {},
            ]
          }
        >
          
        </Text>
        <Text
          style={
            Array [
              Object {
                "color": "#313131",
                "fontFamily": "System",
                "fontSize": 14,
                "fontWeight": "600",
              },
              Object {
                "color": "#313131",
              },
            ]
          }
        >
          Settings
        </Text>
      </View>
    </View>
    <View
      accessible={true}
      focusable={true}
      onClick={[Function]}
      onResponderGrant={[Function]}
      onResponderMove={[Function]}
      onResponderRelease={[Function]}
      onResponderTerminate={[Function]}
      onResponderTerminationRequest={[Function]}
      onStartShouldSetResponder={[Function]}
      style={
        Array [
          Object {
            "overflow": "hidden",
          },
          Object {
            "backgroundColor": "#FFFFFF",
            "borderRadius": 0,
          },
        ]
      }
    >
      <View
        style={
          Array [
            Object {
              "alignItems": "center",
              "flexDirection": "row",
              "justifyContent": "flex-start",
              "padding": 8,
            },
            Object {
              "backgroundColor": "#FFFFFF",
              "borderRadius": 0,
            },
            Array [
              Object {
                "padding": 16,
              },
              Object {
                "borderTopColor": "#BBBBBB",
                "borderTopWidth": 1,
              },
            ],
          ]
        }
      >
        <Text
          allowFontScaling={false}
          style={
            Array [
              Object {
                "color": "#313131",
                "fontSize": 24,
              },
              Array [
                Object {
                  "marginRight": 10,
                },
                Object {
                  "marginRight": 30,
                  "textAlign": "center",
                  "width": 28,
                },
              ],
              Object {
                "fontFamily": "Material Icons",
                "fontStyle": "normal",
                "fontWeight": "normal",
              },
              Object {},
            ]
          }
        >
          
        </Text>
        <Text
          style={
            Array [
              Object {
                "color": "#313131",
                "fontFamily": "System",
                "fontSize": 14,
                "fontWeight": "600",
              },
              Object {
                "color": "#313131",
              },
            ]
          }
        >
          Logout
        </Text>
      </View>
    </View>
  </View>
</View>
`;
